Archive member included because of file (symbol)

/usr/lib/gcc/avr/4.7.2/../../../avr/lib/avr4/libm.a(addsf3.o)
                              main.o (__subsf3)
/usr/lib/gcc/avr/4.7.2/../../../avr/lib/avr4/libm.a(addsf3x.o)
                              /usr/lib/gcc/avr/4.7.2/../../../avr/lib/avr4/libm.a(addsf3.o) (__addsf3x)
/usr/lib/gcc/avr/4.7.2/../../../avr/lib/avr4/libm.a(cmpsf2.o)
                              main.o (__ltsf2)
/usr/lib/gcc/avr/4.7.2/../../../avr/lib/avr4/libm.a(divsf3.o)
                              main.o (__divsf3)
/usr/lib/gcc/avr/4.7.2/../../../avr/lib/avr4/libm.a(divsf3x.o)
                              /usr/lib/gcc/avr/4.7.2/../../../avr/lib/avr4/libm.a(divsf3.o) (__divsf3x)
/usr/lib/gcc/avr/4.7.2/../../../avr/lib/avr4/libm.a(fixsfsi.o)
                              main.o (__fixsfsi)
/usr/lib/gcc/avr/4.7.2/../../../avr/lib/avr4/libm.a(fixunssfsi.o)
                              /usr/lib/gcc/avr/4.7.2/../../../avr/lib/avr4/libm.a(fixsfsi.o) (__fixunssfsi)
/usr/lib/gcc/avr/4.7.2/../../../avr/lib/avr4/libm.a(floatsisf.o)
                              main.o (__floatunsisf)
/usr/lib/gcc/avr/4.7.2/../../../avr/lib/avr4/libm.a(fp_cmp.o)
                              /usr/lib/gcc/avr/4.7.2/../../../avr/lib/avr4/libm.a(cmpsf2.o) (__fp_cmp)
/usr/lib/gcc/avr/4.7.2/../../../avr/lib/avr4/libm.a(fp_inf.o)
                              /usr/lib/gcc/avr/4.7.2/../../../avr/lib/avr4/libm.a(addsf3x.o) (__fp_inf)
/usr/lib/gcc/avr/4.7.2/../../../avr/lib/avr4/libm.a(fp_nan.o)
                              /usr/lib/gcc/avr/4.7.2/../../../avr/lib/avr4/libm.a(addsf3x.o) (__fp_nan)
/usr/lib/gcc/avr/4.7.2/../../../avr/lib/avr4/libm.a(fp_pscA.o)
                              /usr/lib/gcc/avr/4.7.2/../../../avr/lib/avr4/libm.a(addsf3x.o) (__fp_pscA)
/usr/lib/gcc/avr/4.7.2/../../../avr/lib/avr4/libm.a(fp_pscB.o)
                              /usr/lib/gcc/avr/4.7.2/../../../avr/lib/avr4/libm.a(addsf3x.o) (__fp_pscB)
/usr/lib/gcc/avr/4.7.2/../../../avr/lib/avr4/libm.a(fp_round.o)
                              /usr/lib/gcc/avr/4.7.2/../../../avr/lib/avr4/libm.a(addsf3.o) (__fp_round)
/usr/lib/gcc/avr/4.7.2/../../../avr/lib/avr4/libm.a(fp_split3.o)
                              /usr/lib/gcc/avr/4.7.2/../../../avr/lib/avr4/libm.a(addsf3x.o) (__fp_split3)
/usr/lib/gcc/avr/4.7.2/../../../avr/lib/avr4/libm.a(fp_zero.o)
                              /usr/lib/gcc/avr/4.7.2/../../../avr/lib/avr4/libm.a(addsf3x.o) (__fp_zero)
/usr/lib/gcc/avr/4.7.2/../../../avr/lib/avr4/libm.a(gesf2.o)
                              main.o (__gtsf2)
/usr/lib/gcc/avr/4.7.2/../../../avr/lib/avr4/libm.a(mulsf3.o)
                              main.o (__mulsf3)
/usr/lib/gcc/avr/4.7.2/../../../avr/lib/avr4/libm.a(mulsf3x.o)
                              /usr/lib/gcc/avr/4.7.2/../../../avr/lib/avr4/libm.a(mulsf3.o) (__mulsf3x)
/usr/lib/gcc/avr/4.7.2/../../../avr/lib/avr4/libm.a(sqrt.o)
                              main.o (sqrt)
/usr/lib/gcc/avr/4.7.2/../../../avr/lib/avr4/libm.a(fp_mpack.o)
                              /usr/lib/gcc/avr/4.7.2/../../../avr/lib/avr4/libm.a(sqrt.o) (__fp_mpack)
/usr/lib/gcc/avr/4.7.2/../../../avr/lib/avr4/libm.a(fp_norm2.o)
                              /usr/lib/gcc/avr/4.7.2/../../../avr/lib/avr4/libm.a(sqrt.o) (__fp_norm2)
/usr/lib/gcc/avr/4.7.2/avr4/libgcc.a(_udivmodsi4.o)
                              main.o (__udivmodsi4)
/usr/lib/gcc/avr/4.7.2/avr4/libgcc.a(_exit.o)
                              /usr/lib/gcc/avr/4.7.2/../../../avr/lib/avr4/crtm8.o (exit)

Memory Configuration

Name             Origin             Length             Attributes
text             0x0000000000000000 0x0000000000002000 xr
data             0x0000000000800060 0x000000000000ffa0 rw !x
eeprom           0x0000000000810000 0x0000000000010000 rw !x
fuse             0x0000000000820000 0x0000000000000400 rw !x
lock             0x0000000000830000 0x0000000000000400 rw !x
signature        0x0000000000840000 0x0000000000000400 rw !x
*default*        0x0000000000000000 0xffffffffffffffff

Linker script and memory map

LOAD /usr/lib/gcc/avr/4.7.2/../../../avr/lib/avr4/crtm8.o
LOAD main.o
LOAD /usr/lib/gcc/avr/4.7.2/../../../avr/lib/avr4/libm.a
LOAD /usr/lib/gcc/avr/4.7.2/avr4/libgcc.a
LOAD /usr/lib/gcc/avr/4.7.2/../../../avr/lib/avr4/libc.a
LOAD /usr/lib/gcc/avr/4.7.2/avr4/libgcc.a

.hash
 *(.hash)

.dynsym
 *(.dynsym)

.dynstr
 *(.dynstr)

.gnu.version
 *(.gnu.version)

.gnu.version_d
 *(.gnu.version_d)

.gnu.version_r
 *(.gnu.version_r)

.rel.init
 *(.rel.init)

.rela.init
 *(.rela.init)

.rel.text
 *(.rel.text)
 *(.rel.text.*)
 *(.rel.gnu.linkonce.t*)

.rela.text
 *(.rela.text)
 *(.rela.text.*)
 *(.rela.gnu.linkonce.t*)

.rel.fini
 *(.rel.fini)

.rela.fini
 *(.rela.fini)

.rel.rodata
 *(.rel.rodata)
 *(.rel.rodata.*)
 *(.rel.gnu.linkonce.r*)

.rela.rodata
 *(.rela.rodata)
 *(.rela.rodata.*)
 *(.rela.gnu.linkonce.r*)

.rel.data
 *(.rel.data)
 *(.rel.data.*)
 *(.rel.gnu.linkonce.d*)

.rela.data
 *(.rela.data)
 *(.rela.data.*)
 *(.rela.gnu.linkonce.d*)

.rel.ctors
 *(.rel.ctors)

.rela.ctors
 *(.rela.ctors)

.rel.dtors
 *(.rel.dtors)

.rela.dtors
 *(.rela.dtors)

.rel.got
 *(.rel.got)

.rela.got
 *(.rela.got)

.rel.bss
 *(.rel.bss)

.rela.bss
 *(.rela.bss)

.rel.plt
 *(.rel.plt)

.rela.plt
 *(.rela.plt)

.text           0x0000000000000000      0xce4
 *(.vectors)
 .vectors       0x0000000000000000       0x26 /usr/lib/gcc/avr/4.7.2/../../../avr/lib/avr4/crtm8.o
                0x0000000000000000                __vectors
                0x0000000000000000                __vector_default
 *(.vectors)
 *(.progmem.gcc*)
 *(.progmem*)
                0x0000000000000026                . = ALIGN (0x2)
                0x0000000000000026                __trampolines_start = .
 *(.trampolines)
 .trampolines   0x0000000000000026        0x0 linker stubs
 *(.trampolines*)
                0x0000000000000026                __trampolines_end = .
 *(.jumptables)
 *(.jumptables*)
 *(.lowtext)
 *(.lowtext*)
                0x0000000000000026                __ctors_start = .
 *(.ctors)
                0x0000000000000026                __ctors_end = .
                0x0000000000000026                __dtors_start = .
 *(.dtors)
                0x0000000000000026                __dtors_end = .
 SORT(*)(.ctors)
 SORT(*)(.dtors)
 *(.init0)
 .init0         0x0000000000000026        0x0 /usr/lib/gcc/avr/4.7.2/../../../avr/lib/avr4/crtm8.o
                0x0000000000000026                __init
 *(.init0)
 *(.init1)
 *(.init1)
 *(.init2)
 .init2         0x0000000000000026        0xc /usr/lib/gcc/avr/4.7.2/../../../avr/lib/avr4/crtm8.o
 *(.init2)
 *(.init3)
 *(.init3)
 *(.init4)
 *(.init4)
 *(.init5)
 *(.init5)
 *(.init6)
 *(.init6)
 *(.init7)
 *(.init7)
 *(.init8)
 *(.init8)
 *(.init9)
 .init9         0x0000000000000032        0x4 /usr/lib/gcc/avr/4.7.2/../../../avr/lib/avr4/crtm8.o
 *(.init9)
 *(.text)
 .text          0x0000000000000036        0x2 /usr/lib/gcc/avr/4.7.2/../../../avr/lib/avr4/crtm8.o
                0x0000000000000036                __vector_1
                0x0000000000000036                __vector_12
                0x0000000000000036                __bad_interrupt
                0x0000000000000036                __vector_6
                0x0000000000000036                __vector_3
                0x0000000000000036                __vector_11
                0x0000000000000036                __vector_13
                0x0000000000000036                __vector_17
                0x0000000000000036                __vector_7
                0x0000000000000036                __vector_5
                0x0000000000000036                __vector_4
                0x0000000000000036                __vector_9
                0x0000000000000036                __vector_2
                0x0000000000000036                __vector_15
                0x0000000000000036                __vector_8
                0x0000000000000036                __vector_14
                0x0000000000000036                __vector_10
                0x0000000000000036                __vector_16
                0x0000000000000036                __vector_18
 .text          0x0000000000000038      0x780 main.o
                0x0000000000000038                drive
                0x0000000000000446                usart_putChar
                0x000000000000045e                usart_getChar
                0x0000000000000468                usart_init
                0x0000000000000484                dataBusRead
                0x00000000000004ca                dataBusSend
                0x000000000000051c                beep
                0x000000000000062a                main
 .text          0x00000000000007b8        0x0 /usr/lib/gcc/avr/4.7.2/../../../avr/lib/avr4/libm.a(addsf3.o)
 .text          0x00000000000007b8        0x0 /usr/lib/gcc/avr/4.7.2/../../../avr/lib/avr4/libm.a(addsf3x.o)
 .text          0x00000000000007b8        0x0 /usr/lib/gcc/avr/4.7.2/../../../avr/lib/avr4/libm.a(cmpsf2.o)
 .text          0x00000000000007b8        0x0 /usr/lib/gcc/avr/4.7.2/../../../avr/lib/avr4/libm.a(divsf3.o)
 .text          0x00000000000007b8        0x0 /usr/lib/gcc/avr/4.7.2/../../../avr/lib/avr4/libm.a(divsf3x.o)
 .text          0x00000000000007b8        0x0 /usr/lib/gcc/avr/4.7.2/../../../avr/lib/avr4/libm.a(fixsfsi.o)
 .text          0x00000000000007b8        0x0 /usr/lib/gcc/avr/4.7.2/../../../avr/lib/avr4/libm.a(fixunssfsi.o)
 .text          0x00000000000007b8        0x0 /usr/lib/gcc/avr/4.7.2/../../../avr/lib/avr4/libm.a(floatsisf.o)
 .text          0x00000000000007b8        0x0 /usr/lib/gcc/avr/4.7.2/../../../avr/lib/avr4/libm.a(fp_cmp.o)
 .text          0x00000000000007b8        0x0 /usr/lib/gcc/avr/4.7.2/../../../avr/lib/avr4/libm.a(fp_inf.o)
 .text          0x00000000000007b8        0x0 /usr/lib/gcc/avr/4.7.2/../../../avr/lib/avr4/libm.a(fp_nan.o)
 .text          0x00000000000007b8        0x0 /usr/lib/gcc/avr/4.7.2/../../../avr/lib/avr4/libm.a(fp_pscA.o)
 .text          0x00000000000007b8        0x0 /usr/lib/gcc/avr/4.7.2/../../../avr/lib/avr4/libm.a(fp_pscB.o)
 .text          0x00000000000007b8        0x0 /usr/lib/gcc/avr/4.7.2/../../../avr/lib/avr4/libm.a(fp_round.o)
 .text          0x00000000000007b8        0x0 /usr/lib/gcc/avr/4.7.2/../../../avr/lib/avr4/libm.a(fp_split3.o)
 .text          0x00000000000007b8        0x0 /usr/lib/gcc/avr/4.7.2/../../../avr/lib/avr4/libm.a(fp_zero.o)
 .text          0x00000000000007b8        0x0 /usr/lib/gcc/avr/4.7.2/../../../avr/lib/avr4/libm.a(gesf2.o)
 .text          0x00000000000007b8        0x0 /usr/lib/gcc/avr/4.7.2/../../../avr/lib/avr4/libm.a(mulsf3.o)
 .text          0x00000000000007b8        0x0 /usr/lib/gcc/avr/4.7.2/../../../avr/lib/avr4/libm.a(mulsf3x.o)
 .text          0x00000000000007b8        0x0 /usr/lib/gcc/avr/4.7.2/../../../avr/lib/avr4/libm.a(sqrt.o)
 .text          0x00000000000007b8        0x0 /usr/lib/gcc/avr/4.7.2/../../../avr/lib/avr4/libm.a(fp_mpack.o)
 .text          0x00000000000007b8        0x0 /usr/lib/gcc/avr/4.7.2/../../../avr/lib/avr4/libm.a(fp_norm2.o)
 .text          0x00000000000007b8        0x0 /usr/lib/gcc/avr/4.7.2/avr4/libgcc.a(_udivmodsi4.o)
 .text          0x00000000000007b8        0x0 /usr/lib/gcc/avr/4.7.2/avr4/libgcc.a(_exit.o)
                0x00000000000007b8                . = ALIGN (0x2)
 *(.text.*)
 .text.avr-libc.fplib
                0x00000000000007b8        0xa /usr/lib/gcc/avr/4.7.2/../../../avr/lib/avr4/libm.a(addsf3.o)
                0x00000000000007b8                __subsf3
                0x00000000000007ba                __addsf3
 .text.avr-libc.fplib
                0x00000000000007c2       0xc0 /usr/lib/gcc/avr/4.7.2/../../../avr/lib/avr4/libm.a(addsf3x.o)
                0x00000000000007dc                __addsf3x
 .text.avr-libc.fplib
                0x0000000000000882        0x8 /usr/lib/gcc/avr/4.7.2/../../../avr/lib/avr4/libm.a(cmpsf2.o)
                0x0000000000000882                __lesf2
                0x0000000000000882                __nesf2
                0x0000000000000882                __eqsf2
                0x0000000000000882                __cmpsf2
                0x0000000000000882                __ltsf2
 .text.avr-libc.fplib
                0x000000000000088a        0x4 /usr/lib/gcc/avr/4.7.2/../../../avr/lib/avr4/libm.a(divsf3.o)
                0x000000000000088a                __divsf3
 .text.avr-libc.fplib
                0x000000000000088e       0xcc /usr/lib/gcc/avr/4.7.2/../../../avr/lib/avr4/libm.a(divsf3x.o)
                0x00000000000008a4                __divsf3x
                0x00000000000008a8                __divsf3_pse
 .text.avr-libc.fplib
                0x000000000000095a        0xa /usr/lib/gcc/avr/4.7.2/../../../avr/lib/avr4/libm.a(fixsfsi.o)
                0x000000000000095a                __fixsfsi
 .text.avr-libc.fplib
                0x0000000000000964       0x58 /usr/lib/gcc/avr/4.7.2/../../../avr/lib/avr4/libm.a(fixunssfsi.o)
                0x0000000000000964                __fixunssfsi
 .text.avr-libc.fplib
                0x00000000000009bc       0x7a /usr/lib/gcc/avr/4.7.2/../../../avr/lib/avr4/libm.a(floatsisf.o)
                0x00000000000009bc                __floatunsisf
                0x00000000000009c0                __floatsisf
 .text.avr-libc.fplib
                0x0000000000000a36       0x48 /usr/lib/gcc/avr/4.7.2/../../../avr/lib/avr4/libm.a(fp_cmp.o)
                0x0000000000000a36                __fp_cmp
 .text.avr-libc.fplib
                0x0000000000000a7e        0xc /usr/lib/gcc/avr/4.7.2/../../../avr/lib/avr4/libm.a(fp_inf.o)
                0x0000000000000a7e                __fp_inf
 .text.avr-libc.fplib
                0x0000000000000a8a        0x6 /usr/lib/gcc/avr/4.7.2/../../../avr/lib/avr4/libm.a(fp_nan.o)
                0x0000000000000a8a                __fp_nan
 .text.avr-libc.fplib
                0x0000000000000a90        0xe /usr/lib/gcc/avr/4.7.2/../../../avr/lib/avr4/libm.a(fp_pscA.o)
                0x0000000000000a90                __fp_pscA
 .text.avr-libc.fplib
                0x0000000000000a9e        0xe /usr/lib/gcc/avr/4.7.2/../../../avr/lib/avr4/libm.a(fp_pscB.o)
                0x0000000000000a9e                __fp_pscB
 .text.avr-libc.fplib
                0x0000000000000aac       0x22 /usr/lib/gcc/avr/4.7.2/../../../avr/lib/avr4/libm.a(fp_round.o)
                0x0000000000000aac                __fp_round
 .text.avr-libc.fplib
                0x0000000000000ace       0x44 /usr/lib/gcc/avr/4.7.2/../../../avr/lib/avr4/libm.a(fp_split3.o)
                0x0000000000000ace                __fp_split3
                0x0000000000000ade                __fp_splitA
 .text.avr-libc.fplib
                0x0000000000000b12        0xe /usr/lib/gcc/avr/4.7.2/../../../avr/lib/avr4/libm.a(fp_zero.o)
                0x0000000000000b12                __fp_zero
                0x0000000000000b14                __fp_szero
 .text.avr-libc.fplib
                0x0000000000000b20        0x8 /usr/lib/gcc/avr/4.7.2/../../../avr/lib/avr4/libm.a(gesf2.o)
                0x0000000000000b20                __gtsf2
                0x0000000000000b20                __gesf2
 .text.avr-libc.fplib
                0x0000000000000b28        0x4 /usr/lib/gcc/avr/4.7.2/../../../avr/lib/avr4/libm.a(mulsf3.o)
                0x0000000000000b28                __mulsf3
 .text.avr-libc.fplib
                0x0000000000000b2c       0xc2 /usr/lib/gcc/avr/4.7.2/../../../avr/lib/avr4/libm.a(mulsf3x.o)
                0x0000000000000b40                __mulsf3x
                0x0000000000000b44                __mulsf3_pse
 .text.avr-libc.fplib
                0x0000000000000bee       0x84 /usr/lib/gcc/avr/4.7.2/../../../avr/lib/avr4/libm.a(sqrt.o)
                0x0000000000000bf6                sqrt
 .text.avr-libc.fplib
                0x0000000000000c72       0x1c /usr/lib/gcc/avr/4.7.2/../../../avr/lib/avr4/libm.a(fp_mpack.o)
                0x0000000000000c72                __fp_mpack
                0x0000000000000c76                __fp_mpack_finite
 .text.avr-libc.fplib
                0x0000000000000c8e        0xe /usr/lib/gcc/avr/4.7.2/../../../avr/lib/avr4/libm.a(fp_norm2.o)
                0x0000000000000c8e                __fp_norm2
 .text.libgcc.mul
                0x0000000000000c9c        0x0 /usr/lib/gcc/avr/4.7.2/avr4/libgcc.a(_udivmodsi4.o)
 .text.libgcc.div
                0x0000000000000c9c       0x44 /usr/lib/gcc/avr/4.7.2/avr4/libgcc.a(_udivmodsi4.o)
                0x0000000000000c9c                __udivmodsi4
 .text.libgcc   0x0000000000000ce0        0x0 /usr/lib/gcc/avr/4.7.2/avr4/libgcc.a(_udivmodsi4.o)
 .text.libgcc.prologue
                0x0000000000000ce0        0x0 /usr/lib/gcc/avr/4.7.2/avr4/libgcc.a(_udivmodsi4.o)
 .text.libgcc.builtins
                0x0000000000000ce0        0x0 /usr/lib/gcc/avr/4.7.2/avr4/libgcc.a(_udivmodsi4.o)
 .text.libgcc.fmul
                0x0000000000000ce0        0x0 /usr/lib/gcc/avr/4.7.2/avr4/libgcc.a(_udivmodsi4.o)
 .text.libgcc.mul
                0x0000000000000ce0        0x0 /usr/lib/gcc/avr/4.7.2/avr4/libgcc.a(_exit.o)
 .text.libgcc.div
                0x0000000000000ce0        0x0 /usr/lib/gcc/avr/4.7.2/avr4/libgcc.a(_exit.o)
 .text.libgcc   0x0000000000000ce0        0x0 /usr/lib/gcc/avr/4.7.2/avr4/libgcc.a(_exit.o)
 .text.libgcc.prologue
                0x0000000000000ce0        0x0 /usr/lib/gcc/avr/4.7.2/avr4/libgcc.a(_exit.o)
 .text.libgcc.builtins
                0x0000000000000ce0        0x0 /usr/lib/gcc/avr/4.7.2/avr4/libgcc.a(_exit.o)
 .text.libgcc.fmul
                0x0000000000000ce0        0x0 /usr/lib/gcc/avr/4.7.2/avr4/libgcc.a(_exit.o)
                0x0000000000000ce0                . = ALIGN (0x2)
 *(.fini9)
 .fini9         0x0000000000000ce0        0x0 /usr/lib/gcc/avr/4.7.2/avr4/libgcc.a(_exit.o)
                0x0000000000000ce0                exit
                0x0000000000000ce0                _exit
 *(.fini9)
 *(.fini8)
 *(.fini8)
 *(.fini7)
 *(.fini7)
 *(.fini6)
 *(.fini6)
 *(.fini5)
 *(.fini5)
 *(.fini4)
 *(.fini4)
 *(.fini3)
 *(.fini3)
 *(.fini2)
 *(.fini2)
 *(.fini1)
 *(.fini1)
 *(.fini0)
 .fini0         0x0000000000000ce0        0x4 /usr/lib/gcc/avr/4.7.2/avr4/libgcc.a(_exit.o)
 *(.fini0)
                0x0000000000000ce4                _etext = .

.data           0x0000000000800060        0x0 load address 0x0000000000000ce4
                0x0000000000800060                PROVIDE (__data_start, .)
 *(.data)
 .data          0x0000000000800060        0x0 /usr/lib/gcc/avr/4.7.2/../../../avr/lib/avr4/crtm8.o
 .data          0x0000000000800060        0x0 main.o
 .data          0x0000000000800060        0x0 /usr/lib/gcc/avr/4.7.2/../../../avr/lib/avr4/libm.a(addsf3.o)
 .data          0x0000000000800060        0x0 /usr/lib/gcc/avr/4.7.2/../../../avr/lib/avr4/libm.a(addsf3x.o)
 .data          0x0000000000800060        0x0 /usr/lib/gcc/avr/4.7.2/../../../avr/lib/avr4/libm.a(cmpsf2.o)
 .data          0x0000000000800060        0x0 /usr/lib/gcc/avr/4.7.2/../../../avr/lib/avr4/libm.a(divsf3.o)
 .data          0x0000000000800060        0x0 /usr/lib/gcc/avr/4.7.2/../../../avr/lib/avr4/libm.a(divsf3x.o)
 .data          0x0000000000800060        0x0 /usr/lib/gcc/avr/4.7.2/../../../avr/lib/avr4/libm.a(fixsfsi.o)
 .data          0x0000000000800060        0x0 /usr/lib/gcc/avr/4.7.2/../../../avr/lib/avr4/libm.a(fixunssfsi.o)
 .data          0x0000000000800060        0x0 /usr/lib/gcc/avr/4.7.2/../../../avr/lib/avr4/libm.a(floatsisf.o)
 .data          0x0000000000800060        0x0 /usr/lib/gcc/avr/4.7.2/../../../avr/lib/avr4/libm.a(fp_cmp.o)
 .data          0x0000000000800060        0x0 /usr/lib/gcc/avr/4.7.2/../../../avr/lib/avr4/libm.a(fp_inf.o)
 .data          0x0000000000800060        0x0 /usr/lib/gcc/avr/4.7.2/../../../avr/lib/avr4/libm.a(fp_nan.o)
 .data          0x0000000000800060        0x0 /usr/lib/gcc/avr/4.7.2/../../../avr/lib/avr4/libm.a(fp_pscA.o)
 .data          0x0000000000800060        0x0 /usr/lib/gcc/avr/4.7.2/../../../avr/lib/avr4/libm.a(fp_pscB.o)
 .data          0x0000000000800060        0x0 /usr/lib/gcc/avr/4.7.2/../../../avr/lib/avr4/libm.a(fp_round.o)
 .data          0x0000000000800060        0x0 /usr/lib/gcc/avr/4.7.2/../../../avr/lib/avr4/libm.a(fp_split3.o)
 .data          0x0000000000800060        0x0 /usr/lib/gcc/avr/4.7.2/../../../avr/lib/avr4/libm.a(fp_zero.o)
 .data          0x0000000000800060        0x0 /usr/lib/gcc/avr/4.7.2/../../../avr/lib/avr4/libm.a(gesf2.o)
 .data          0x0000000000800060        0x0 /usr/lib/gcc/avr/4.7.2/../../../avr/lib/avr4/libm.a(mulsf3.o)
 .data          0x0000000000800060        0x0 /usr/lib/gcc/avr/4.7.2/../../../avr/lib/avr4/libm.a(mulsf3x.o)
 .data          0x0000000000800060        0x0 /usr/lib/gcc/avr/4.7.2/../../../avr/lib/avr4/libm.a(sqrt.o)
 .data          0x0000000000800060        0x0 /usr/lib/gcc/avr/4.7.2/../../../avr/lib/avr4/libm.a(fp_mpack.o)
 .data          0x0000000000800060        0x0 /usr/lib/gcc/avr/4.7.2/../../../avr/lib/avr4/libm.a(fp_norm2.o)
 .data          0x0000000000800060        0x0 /usr/lib/gcc/avr/4.7.2/avr4/libgcc.a(_udivmodsi4.o)
 .data          0x0000000000800060        0x0 /usr/lib/gcc/avr/4.7.2/avr4/libgcc.a(_exit.o)
 *(.data*)
 *(.rodata)
 *(.rodata*)
 *(.gnu.linkonce.d*)
                0x0000000000800060                . = ALIGN (0x2)
                0x0000000000800060                _edata = .
                0x0000000000800060                PROVIDE (__data_end, .)

.bss            0x0000000000800060        0x0
                0x0000000000800060                PROVIDE (__bss_start, .)
 *(.bss)
 .bss           0x0000000000800060        0x0 /usr/lib/gcc/avr/4.7.2/../../../avr/lib/avr4/crtm8.o
 .bss           0x0000000000800060        0x0 main.o
 .bss           0x0000000000800060        0x0 /usr/lib/gcc/avr/4.7.2/../../../avr/lib/avr4/libm.a(addsf3.o)
 .bss           0x0000000000800060        0x0 /usr/lib/gcc/avr/4.7.2/../../../avr/lib/avr4/libm.a(addsf3x.o)
 .bss           0x0000000000800060        0x0 /usr/lib/gcc/avr/4.7.2/../../../avr/lib/avr4/libm.a(cmpsf2.o)
 .bss           0x0000000000800060        0x0 /usr/lib/gcc/avr/4.7.2/../../../avr/lib/avr4/libm.a(divsf3.o)
 .bss           0x0000000000800060        0x0 /usr/lib/gcc/avr/4.7.2/../../../avr/lib/avr4/libm.a(divsf3x.o)
 .bss           0x0000000000800060        0x0 /usr/lib/gcc/avr/4.7.2/../../../avr/lib/avr4/libm.a(fixsfsi.o)
 .bss           0x0000000000800060        0x0 /usr/lib/gcc/avr/4.7.2/../../../avr/lib/avr4/libm.a(fixunssfsi.o)
 .bss           0x0000000000800060        0x0 /usr/lib/gcc/avr/4.7.2/../../../avr/lib/avr4/libm.a(floatsisf.o)
 .bss           0x0000000000800060        0x0 /usr/lib/gcc/avr/4.7.2/../../../avr/lib/avr4/libm.a(fp_cmp.o)
 .bss           0x0000000000800060        0x0 /usr/lib/gcc/avr/4.7.2/../../../avr/lib/avr4/libm.a(fp_inf.o)
 .bss           0x0000000000800060        0x0 /usr/lib/gcc/avr/4.7.2/../../../avr/lib/avr4/libm.a(fp_nan.o)
 .bss           0x0000000000800060        0x0 /usr/lib/gcc/avr/4.7.2/../../../avr/lib/avr4/libm.a(fp_pscA.o)
 .bss           0x0000000000800060        0x0 /usr/lib/gcc/avr/4.7.2/../../../avr/lib/avr4/libm.a(fp_pscB.o)
 .bss           0x0000000000800060        0x0 /usr/lib/gcc/avr/4.7.2/../../../avr/lib/avr4/libm.a(fp_round.o)
 .bss           0x0000000000800060        0x0 /usr/lib/gcc/avr/4.7.2/../../../avr/lib/avr4/libm.a(fp_split3.o)
 .bss           0x0000000000800060        0x0 /usr/lib/gcc/avr/4.7.2/../../../avr/lib/avr4/libm.a(fp_zero.o)
 .bss           0x0000000000800060        0x0 /usr/lib/gcc/avr/4.7.2/../../../avr/lib/avr4/libm.a(gesf2.o)
 .bss           0x0000000000800060        0x0 /usr/lib/gcc/avr/4.7.2/../../../avr/lib/avr4/libm.a(mulsf3.o)
 .bss           0x0000000000800060        0x0 /usr/lib/gcc/avr/4.7.2/../../../avr/lib/avr4/libm.a(mulsf3x.o)
 .bss           0x0000000000800060        0x0 /usr/lib/gcc/avr/4.7.2/../../../avr/lib/avr4/libm.a(sqrt.o)
 .bss           0x0000000000800060        0x0 /usr/lib/gcc/avr/4.7.2/../../../avr/lib/avr4/libm.a(fp_mpack.o)
 .bss           0x0000000000800060        0x0 /usr/lib/gcc/avr/4.7.2/../../../avr/lib/avr4/libm.a(fp_norm2.o)
 .bss           0x0000000000800060        0x0 /usr/lib/gcc/avr/4.7.2/avr4/libgcc.a(_udivmodsi4.o)
 .bss           0x0000000000800060        0x0 /usr/lib/gcc/avr/4.7.2/avr4/libgcc.a(_exit.o)
 *(.bss*)
 *(COMMON)
                0x0000000000800060                PROVIDE (__bss_end, .)
                0x0000000000000ce4                __data_load_start = LOADADDR (.data)
                0x0000000000000ce4                __data_load_end = (__data_load_start + SIZEOF (.data))

.noinit         0x0000000000800060        0x0
                0x0000000000800060                PROVIDE (__noinit_start, .)
 *(.noinit*)
                0x0000000000800060                PROVIDE (__noinit_end, .)
                0x0000000000800060                _end = .
                0x0000000000800060                PROVIDE (__heap_start, .)

.eeprom         0x0000000000810000        0x0
 *(.eeprom*)
                0x0000000000810000                __eeprom_end = .

.fuse
 *(.fuse)
 *(.lfuse)
 *(.hfuse)
 *(.efuse)

.lock
 *(.lock*)

.signature
 *(.signature*)

.stab           0x0000000000000000     0x2904
 *(.stab)
 .stab          0x0000000000000000      0x6cc /usr/lib/gcc/avr/4.7.2/../../../avr/lib/avr4/crtm8.o
 .stab          0x00000000000006cc       0x78 /usr/lib/gcc/avr/4.7.2/../../../avr/lib/avr4/libm.a(addsf3.o)
                                         0x84 (size before relaxing)
 .stab          0x0000000000000744      0x4bc /usr/lib/gcc/avr/4.7.2/../../../avr/lib/avr4/libm.a(addsf3x.o)
                                        0x4c8 (size before relaxing)
 .stab          0x0000000000000c00       0x90 /usr/lib/gcc/avr/4.7.2/../../../avr/lib/avr4/libm.a(cmpsf2.o)
                                         0x9c (size before relaxing)
 .stab          0x0000000000000c90       0x48 /usr/lib/gcc/avr/4.7.2/../../../avr/lib/avr4/libm.a(divsf3.o)
                                         0x54 (size before relaxing)
 .stab          0x0000000000000cd8      0x510 /usr/lib/gcc/avr/4.7.2/../../../avr/lib/avr4/libm.a(divsf3x.o)
                                        0x51c (size before relaxing)
 .stab          0x00000000000011e8       0x6c /usr/lib/gcc/avr/4.7.2/../../../avr/lib/avr4/libm.a(fixsfsi.o)
                                         0x78 (size before relaxing)
 .stab          0x0000000000001254      0x240 /usr/lib/gcc/avr/4.7.2/../../../avr/lib/avr4/libm.a(fixunssfsi.o)
                                        0x24c (size before relaxing)
 .stab          0x0000000000001494      0x318 /usr/lib/gcc/avr/4.7.2/../../../avr/lib/avr4/libm.a(floatsisf.o)
                                        0x324 (size before relaxing)
 .stab          0x00000000000017ac      0x1e0 /usr/lib/gcc/avr/4.7.2/../../../avr/lib/avr4/libm.a(fp_cmp.o)
                                        0x1ec (size before relaxing)
 .stab          0x000000000000198c       0x78 /usr/lib/gcc/avr/4.7.2/../../../avr/lib/avr4/libm.a(fp_inf.o)
                                         0x84 (size before relaxing)
 .stab          0x0000000000001a04       0x54 /usr/lib/gcc/avr/4.7.2/../../../avr/lib/avr4/libm.a(fp_nan.o)
                                         0x60 (size before relaxing)
 .stab          0x0000000000001a58       0x84 /usr/lib/gcc/avr/4.7.2/../../../avr/lib/avr4/libm.a(fp_pscA.o)
                                         0x90 (size before relaxing)
 .stab          0x0000000000001adc       0x84 /usr/lib/gcc/avr/4.7.2/../../../avr/lib/avr4/libm.a(fp_pscB.o)
                                         0x90 (size before relaxing)
 .stab          0x0000000000001b60       0xfc /usr/lib/gcc/avr/4.7.2/../../../avr/lib/avr4/libm.a(fp_round.o)
                                        0x108 (size before relaxing)
 .stab          0x0000000000001c5c      0x1d4 /usr/lib/gcc/avr/4.7.2/../../../avr/lib/avr4/libm.a(fp_split3.o)
                                        0x1e0 (size before relaxing)
 .stab          0x0000000000001e30       0x90 /usr/lib/gcc/avr/4.7.2/../../../avr/lib/avr4/libm.a(fp_zero.o)
                                         0x9c (size before relaxing)
 .stab          0x0000000000001ec0       0x6c /usr/lib/gcc/avr/4.7.2/../../../avr/lib/avr4/libm.a(gesf2.o)
                                         0x78 (size before relaxing)
 .stab          0x0000000000001f2c       0x48 /usr/lib/gcc/avr/4.7.2/../../../avr/lib/avr4/libm.a(mulsf3.o)
                                         0x54 (size before relaxing)
 .stab          0x0000000000001f74      0x4d4 /usr/lib/gcc/avr/4.7.2/../../../avr/lib/avr4/libm.a(mulsf3x.o)
                                        0x4e0 (size before relaxing)
 .stab          0x0000000000002448      0x354 /usr/lib/gcc/avr/4.7.2/../../../avr/lib/avr4/libm.a(sqrt.o)
                                        0x360 (size before relaxing)
 .stab          0x000000000000279c       0xe4 /usr/lib/gcc/avr/4.7.2/../../../avr/lib/avr4/libm.a(fp_mpack.o)
                                         0xf0 (size before relaxing)
 .stab          0x0000000000002880       0x84 /usr/lib/gcc/avr/4.7.2/../../../avr/lib/avr4/libm.a(fp_norm2.o)
                                         0x90 (size before relaxing)

.stabstr        0x0000000000000000      0x446
 *(.stabstr)
 .stabstr       0x0000000000000000      0x446 /usr/lib/gcc/avr/4.7.2/../../../avr/lib/avr4/crtm8.o

.stab.excl
 *(.stab.excl)

.stab.exclstr
 *(.stab.exclstr)

.stab.index
 *(.stab.index)

.stab.indexstr
 *(.stab.indexstr)

.comment        0x0000000000000000       0x11
 *(.comment)
 .comment       0x0000000000000000       0x11 main.o
                                         0x12 (size before relaxing)

.debug
 *(.debug)

.line
 *(.line)

.debug_srcinfo
 *(.debug_srcinfo)

.debug_sfnames
 *(.debug_sfnames)

.debug_aranges  0x0000000000000000       0x20
 *(.debug_aranges)
 .debug_aranges
                0x0000000000000000       0x20 main.o

.debug_pubnames
 *(.debug_pubnames)

.debug_info     0x0000000000000000      0xbb2
 *(.debug_info)
 .debug_info    0x0000000000000000      0xbb2 main.o
 *(.gnu.linkonce.wi.*)

.debug_abbrev   0x0000000000000000      0x262
 *(.debug_abbrev)
 .debug_abbrev  0x0000000000000000      0x262 main.o

.debug_line     0x0000000000000000      0x313
 *(.debug_line)
 .debug_line    0x0000000000000000      0x313 main.o

.debug_frame    0x0000000000000000      0x150
 *(.debug_frame)
 .debug_frame   0x0000000000000000      0x150 main.o

.debug_str      0x0000000000000000      0x18f
 *(.debug_str)
 .debug_str     0x0000000000000000      0x18f main.o
                                        0x1c8 (size before relaxing)

.debug_loc      0x0000000000000000      0xb6c
 *(.debug_loc)
 .debug_loc     0x0000000000000000      0xb6c main.o

.debug_macinfo
 *(.debug_macinfo)
OUTPUT(main.elf elf32-avr)
LOAD linker stubs

.debug_ranges   0x0000000000000000       0xa8
 .debug_ranges  0x0000000000000000       0xa8 main.o

Cross Reference Table

Symbol                                            File
__addsf3                                          /usr/lib/gcc/avr/4.7.2/../../../avr/lib/avr4/libm.a(addsf3.o)
__addsf3x                                         /usr/lib/gcc/avr/4.7.2/../../../avr/lib/avr4/libm.a(addsf3x.o)
                                                  /usr/lib/gcc/avr/4.7.2/../../../avr/lib/avr4/libm.a(addsf3.o)
__bad_interrupt                                   /usr/lib/gcc/avr/4.7.2/../../../avr/lib/avr4/crtm8.o
__cmpsf2                                          /usr/lib/gcc/avr/4.7.2/../../../avr/lib/avr4/libm.a(cmpsf2.o)
__divsf3                                          /usr/lib/gcc/avr/4.7.2/../../../avr/lib/avr4/libm.a(divsf3.o)
                                                  main.o
__divsf3_pse                                      /usr/lib/gcc/avr/4.7.2/../../../avr/lib/avr4/libm.a(divsf3x.o)
__divsf3x                                         /usr/lib/gcc/avr/4.7.2/../../../avr/lib/avr4/libm.a(divsf3x.o)
                                                  /usr/lib/gcc/avr/4.7.2/../../../avr/lib/avr4/libm.a(divsf3.o)
__eqsf2                                           /usr/lib/gcc/avr/4.7.2/../../../avr/lib/avr4/libm.a(cmpsf2.o)
__fixsfsi                                         /usr/lib/gcc/avr/4.7.2/../../../avr/lib/avr4/libm.a(fixsfsi.o)
                                                  main.o
__fixunssfsi                                      /usr/lib/gcc/avr/4.7.2/../../../avr/lib/avr4/libm.a(fixunssfsi.o)
                                                  /usr/lib/gcc/avr/4.7.2/../../../avr/lib/avr4/libm.a(fixsfsi.o)
__floatsisf                                       /usr/lib/gcc/avr/4.7.2/../../../avr/lib/avr4/libm.a(floatsisf.o)
                                                  main.o
__floatunsisf                                     /usr/lib/gcc/avr/4.7.2/../../../avr/lib/avr4/libm.a(floatsisf.o)
                                                  main.o
__fp_cmp                                          /usr/lib/gcc/avr/4.7.2/../../../avr/lib/avr4/libm.a(fp_cmp.o)
                                                  /usr/lib/gcc/avr/4.7.2/../../../avr/lib/avr4/libm.a(gesf2.o)
                                                  /usr/lib/gcc/avr/4.7.2/../../../avr/lib/avr4/libm.a(cmpsf2.o)
__fp_inf                                          /usr/lib/gcc/avr/4.7.2/../../../avr/lib/avr4/libm.a(fp_inf.o)
                                                  /usr/lib/gcc/avr/4.7.2/../../../avr/lib/avr4/libm.a(mulsf3x.o)
                                                  /usr/lib/gcc/avr/4.7.2/../../../avr/lib/avr4/libm.a(divsf3x.o)
                                                  /usr/lib/gcc/avr/4.7.2/../../../avr/lib/avr4/libm.a(addsf3x.o)
__fp_mpack                                        /usr/lib/gcc/avr/4.7.2/../../../avr/lib/avr4/libm.a(fp_mpack.o)
                                                  /usr/lib/gcc/avr/4.7.2/../../../avr/lib/avr4/libm.a(sqrt.o)
__fp_mpack_finite                                 /usr/lib/gcc/avr/4.7.2/../../../avr/lib/avr4/libm.a(fp_mpack.o)
__fp_nan                                          /usr/lib/gcc/avr/4.7.2/../../../avr/lib/avr4/libm.a(fp_nan.o)
                                                  /usr/lib/gcc/avr/4.7.2/../../../avr/lib/avr4/libm.a(sqrt.o)
                                                  /usr/lib/gcc/avr/4.7.2/../../../avr/lib/avr4/libm.a(mulsf3x.o)
                                                  /usr/lib/gcc/avr/4.7.2/../../../avr/lib/avr4/libm.a(divsf3x.o)
                                                  /usr/lib/gcc/avr/4.7.2/../../../avr/lib/avr4/libm.a(addsf3x.o)
__fp_norm2                                        /usr/lib/gcc/avr/4.7.2/../../../avr/lib/avr4/libm.a(fp_norm2.o)
                                                  /usr/lib/gcc/avr/4.7.2/../../../avr/lib/avr4/libm.a(sqrt.o)
__fp_pscA                                         /usr/lib/gcc/avr/4.7.2/../../../avr/lib/avr4/libm.a(fp_pscA.o)
                                                  /usr/lib/gcc/avr/4.7.2/../../../avr/lib/avr4/libm.a(mulsf3x.o)
                                                  /usr/lib/gcc/avr/4.7.2/../../../avr/lib/avr4/libm.a(divsf3x.o)
                                                  /usr/lib/gcc/avr/4.7.2/../../../avr/lib/avr4/libm.a(addsf3x.o)
__fp_pscB                                         /usr/lib/gcc/avr/4.7.2/../../../avr/lib/avr4/libm.a(fp_pscB.o)
                                                  /usr/lib/gcc/avr/4.7.2/../../../avr/lib/avr4/libm.a(mulsf3x.o)
                                                  /usr/lib/gcc/avr/4.7.2/../../../avr/lib/avr4/libm.a(divsf3x.o)
                                                  /usr/lib/gcc/avr/4.7.2/../../../avr/lib/avr4/libm.a(addsf3x.o)
__fp_round                                        /usr/lib/gcc/avr/4.7.2/../../../avr/lib/avr4/libm.a(fp_round.o)
                                                  /usr/lib/gcc/avr/4.7.2/../../../avr/lib/avr4/libm.a(mulsf3.o)
                                                  /usr/lib/gcc/avr/4.7.2/../../../avr/lib/avr4/libm.a(divsf3.o)
                                                  /usr/lib/gcc/avr/4.7.2/../../../avr/lib/avr4/libm.a(addsf3.o)
__fp_split3                                       /usr/lib/gcc/avr/4.7.2/../../../avr/lib/avr4/libm.a(fp_split3.o)
                                                  /usr/lib/gcc/avr/4.7.2/../../../avr/lib/avr4/libm.a(mulsf3x.o)
                                                  /usr/lib/gcc/avr/4.7.2/../../../avr/lib/avr4/libm.a(divsf3x.o)
                                                  /usr/lib/gcc/avr/4.7.2/../../../avr/lib/avr4/libm.a(addsf3x.o)
__fp_splitA                                       /usr/lib/gcc/avr/4.7.2/../../../avr/lib/avr4/libm.a(fp_split3.o)
                                                  /usr/lib/gcc/avr/4.7.2/../../../avr/lib/avr4/libm.a(sqrt.o)
                                                  /usr/lib/gcc/avr/4.7.2/../../../avr/lib/avr4/libm.a(fixunssfsi.o)
__fp_szero                                        /usr/lib/gcc/avr/4.7.2/../../../avr/lib/avr4/libm.a(fp_zero.o)
                                                  /usr/lib/gcc/avr/4.7.2/../../../avr/lib/avr4/libm.a(mulsf3x.o)
                                                  /usr/lib/gcc/avr/4.7.2/../../../avr/lib/avr4/libm.a(fixsfsi.o)
                                                  /usr/lib/gcc/avr/4.7.2/../../../avr/lib/avr4/libm.a(divsf3x.o)
__fp_zero                                         /usr/lib/gcc/avr/4.7.2/../../../avr/lib/avr4/libm.a(fp_zero.o)
                                                  /usr/lib/gcc/avr/4.7.2/../../../avr/lib/avr4/libm.a(fixunssfsi.o)
                                                  /usr/lib/gcc/avr/4.7.2/../../../avr/lib/avr4/libm.a(addsf3x.o)
__gesf2                                           /usr/lib/gcc/avr/4.7.2/../../../avr/lib/avr4/libm.a(gesf2.o)
__gtsf2                                           /usr/lib/gcc/avr/4.7.2/../../../avr/lib/avr4/libm.a(gesf2.o)
                                                  main.o
__heap_end                                        /usr/lib/gcc/avr/4.7.2/../../../avr/lib/avr4/crtm8.o
__init                                            /usr/lib/gcc/avr/4.7.2/../../../avr/lib/avr4/crtm8.o
__lesf2                                           /usr/lib/gcc/avr/4.7.2/../../../avr/lib/avr4/libm.a(cmpsf2.o)
__ltsf2                                           /usr/lib/gcc/avr/4.7.2/../../../avr/lib/avr4/libm.a(cmpsf2.o)
                                                  main.o
__mulsf3                                          /usr/lib/gcc/avr/4.7.2/../../../avr/lib/avr4/libm.a(mulsf3.o)
                                                  main.o
__mulsf3_pse                                      /usr/lib/gcc/avr/4.7.2/../../../avr/lib/avr4/libm.a(mulsf3x.o)
__mulsf3x                                         /usr/lib/gcc/avr/4.7.2/../../../avr/lib/avr4/libm.a(mulsf3x.o)
                                                  /usr/lib/gcc/avr/4.7.2/../../../avr/lib/avr4/libm.a(mulsf3.o)
__nesf2                                           /usr/lib/gcc/avr/4.7.2/../../../avr/lib/avr4/libm.a(cmpsf2.o)
__stack                                           /usr/lib/gcc/avr/4.7.2/../../../avr/lib/avr4/crtm8.o
__subsf3                                          /usr/lib/gcc/avr/4.7.2/../../../avr/lib/avr4/libm.a(addsf3.o)
                                                  main.o
__udivmodsi4                                      /usr/lib/gcc/avr/4.7.2/avr4/libgcc.a(_udivmodsi4.o)
                                                  main.o
__vector_1                                        /usr/lib/gcc/avr/4.7.2/../../../avr/lib/avr4/crtm8.o
__vector_10                                       /usr/lib/gcc/avr/4.7.2/../../../avr/lib/avr4/crtm8.o
__vector_11                                       /usr/lib/gcc/avr/4.7.2/../../../avr/lib/avr4/crtm8.o
__vector_12                                       /usr/lib/gcc/avr/4.7.2/../../../avr/lib/avr4/crtm8.o
__vector_13                                       /usr/lib/gcc/avr/4.7.2/../../../avr/lib/avr4/crtm8.o
__vector_14                                       /usr/lib/gcc/avr/4.7.2/../../../avr/lib/avr4/crtm8.o
__vector_15                                       /usr/lib/gcc/avr/4.7.2/../../../avr/lib/avr4/crtm8.o
__vector_16                                       /usr/lib/gcc/avr/4.7.2/../../../avr/lib/avr4/crtm8.o
__vector_17                                       /usr/lib/gcc/avr/4.7.2/../../../avr/lib/avr4/crtm8.o
__vector_18                                       /usr/lib/gcc/avr/4.7.2/../../../avr/lib/avr4/crtm8.o
__vector_2                                        /usr/lib/gcc/avr/4.7.2/../../../avr/lib/avr4/crtm8.o
__vector_3                                        /usr/lib/gcc/avr/4.7.2/../../../avr/lib/avr4/crtm8.o
__vector_4                                        /usr/lib/gcc/avr/4.7.2/../../../avr/lib/avr4/crtm8.o
__vector_5                                        /usr/lib/gcc/avr/4.7.2/../../../avr/lib/avr4/crtm8.o
__vector_6                                        /usr/lib/gcc/avr/4.7.2/../../../avr/lib/avr4/crtm8.o
__vector_7                                        /usr/lib/gcc/avr/4.7.2/../../../avr/lib/avr4/crtm8.o
__vector_8                                        /usr/lib/gcc/avr/4.7.2/../../../avr/lib/avr4/crtm8.o
__vector_9                                        /usr/lib/gcc/avr/4.7.2/../../../avr/lib/avr4/crtm8.o
__vector_default                                  /usr/lib/gcc/avr/4.7.2/../../../avr/lib/avr4/crtm8.o
__vectors                                         /usr/lib/gcc/avr/4.7.2/../../../avr/lib/avr4/crtm8.o
_exit                                             /usr/lib/gcc/avr/4.7.2/avr4/libgcc.a(_exit.o)
beep                                              main.o
dataBusRead                                       main.o
dataBusSend                                       main.o
drive                                             main.o
exit                                              /usr/lib/gcc/avr/4.7.2/avr4/libgcc.a(_exit.o)
                                                  /usr/lib/gcc/avr/4.7.2/../../../avr/lib/avr4/crtm8.o
main                                              main.o
                                                  /usr/lib/gcc/avr/4.7.2/../../../avr/lib/avr4/crtm8.o
sqrt                                              /usr/lib/gcc/avr/4.7.2/../../../avr/lib/avr4/libm.a(sqrt.o)
                                                  main.o
usart_getChar                                     main.o
usart_init                                        main.o
usart_putChar                                     main.o
